<html>
<body>
<pre>
<h1>µVision Build Log</h1>
<h2>Project:</h2>
C:\Users\kubag\OneDrive\Pulpit\PPSW\obowiazkowy\program.uvproj
Project File Date:  04/02/2026

<h2>Output:</h2>
Rebuild target 'Target 1'
assembling Startup.s...
compiling dekodowanie.c...
compiling konwersje.c...
compiling lancuchy.c...
compiling main.c...
main.c(11): warning:  #223-D: function "printf" declared implicitly
main.c(30): warning:  #223-D: function "printf" declared implicitly
main.c(50): warning:  #223-D: function "printf" declared implicitly
main.c(72): warning:  #223-D: function "printf" declared implicitly
main.c(88): warning:  #223-D: function "printf" declared implicitly
linking...
Program Size: Code=6188 RO-data=60 RW-data=72 ZI-data=1536  
FromELF: creating hex file...
".\program.axf" - 0 Errors, 5 Warning(s).
Rebuild target 'Target 1'
assembling Startup.s...
compiling dekodowanie.c...
compiling konwersje.c...
compiling lancuchy.c...
compiling main.c...
main.c(11): warning:  #223-D: function "printf" declared implicitly
main.c(30): warning:  #223-D: function "printf" declared implicitly
main.c(50): warning:  #223-D: function "printf" declared implicitly
main.c(72): warning:  #223-D: function "printf" declared implicitly
main.c(88): warning:  #223-D: function "printf" declared implicitly
linking...
Program Size: Code=6188 RO-data=60 RW-data=72 ZI-data=1536  
FromELF: creating hex file...
".\program.axf" - 0 Errors, 5 Warning(s).
Rebuild target 'Target 1'
assembling Startup.s...
compiling dekodowanie.c...
compiling konwersje.c...
compiling lancuchy.c...
compiling main.c...
main.c(12): warning:  #223-D: function "printf" declared implicitly
main.c(31): warning:  #223-D: function "printf" declared implicitly
main.c(51): warning:  #223-D: function "printf" declared implicitly
main.c(73): warning:  #223-D: function "printf" declared implicitly
main.c(89): warning:  #223-D: function "printf" declared implicitly
linking...
Program Size: Code=6188 RO-data=60 RW-data=72 ZI-data=1536  
FromELF: creating hex file...
".\program.axf" - 0 Errors, 5 Warning(s).
Rebuild target 'Target 1'
assembling Startup.s...
compiling dekodowanie.c...
compiling konwersje.c...
compiling lancuchy.c...
compiling main.c...
main.c(12): warning:  #223-D: function "printf" declared implicitly
main.c(31): warning:  #223-D: function "printf" declared implicitly
main.c(51): warning:  #223-D: function "printf" declared implicitly
main.c(73): warning:  #223-D: function "printf" declared implicitly
main.c(89): warning:  #223-D: function "printf" declared implicitly
linking...
Program Size: Code=6188 RO-data=60 RW-data=72 ZI-data=1536  
FromELF: creating hex file...
".\program.axf" - 0 Errors, 5 Warning(s).
Rebuild target 'Target 1'
assembling Startup.s...
compiling dekodowanie.c...
compiling konwersje.c...
compiling lancuchy.c...
compiling main.c...
dekodowanie.h(6): warning:  #47-D: incompatible redefinition of macro "NULL" (declared at line 48 of "C:\Users\kubag\AppData\Local\Keil_v5\ARM\ARMCC\bin\..\include\stdio.h")
linking...
Program Size: Code=6188 RO-data=60 RW-data=72 ZI-data=1536  
FromELF: creating hex file...
".\program.axf" - 0 Errors, 1 Warning(s).
Rebuild target 'Target 1'
assembling Startup.s...
compiling dekodowanie.c...
compiling konwersje.c...
compiling lancuchy.c...
compiling main.c...
main.c(12): warning:  #223-D: function "printf" declared implicitly
main.c(31): warning:  #223-D: function "printf" declared implicitly
main.c(51): warning:  #223-D: function "printf" declared implicitly
main.c(73): warning:  #223-D: function "printf" declared implicitly
main.c(89): warning:  #223-D: function "printf" declared implicitly
linking...
Program Size: Code=2884 RO-data=48 RW-data=64 ZI-data=1184  
FromELF: creating hex file...
".\program.axf" - 0 Errors, 5 Warning(s).
Rebuild target 'Target 1'
assembling Startup.s...
compiling dekodowanie.c...
compiling konwersje.c...
compiling lancuchy.c...
compiling main.c...
linking...
Program Size: Code=2884 RO-data=48 RW-data=64 ZI-data=1184  
FromELF: creating hex file...
".\program.axf" - 0 Errors, 0 Warning(s).
Rebuild target 'Target 1'
assembling Startup.s...
compiling dekodowanie.c...
compiling konwersje.c...
compiling lancuchy.c...
compiling main.c...
linking...
Program Size: Code=6188 RO-data=60 RW-data=72 ZI-data=1536  
FromELF: creating hex file...
".\program.axf" - 0 Errors, 0 Warning(s).
Rebuild target 'Target 1'
assembling Startup.s...
compiling dekodowanie.c...
compiling konwersje.c...
compiling lancuchy.c...
compiling main.c...
linking...
Program Size: Code=2956 RO-data=48 RW-data=64 ZI-data=1184  
FromELF: creating hex file...
".\program.axf" - 0 Errors, 0 Warning(s).
Rebuild target 'Target 1'
assembling Startup.s...
compiling dekodowanie.c...
compiling konwersje.c...
compiling lancuchy.c...
compiling main.c...
linking...
Program Size: Code=2960 RO-data=48 RW-data=64 ZI-data=1184  
FromELF: creating hex file...
".\program.axf" - 0 Errors, 0 Warning(s).
Rebuild target 'Target 1'
assembling Startup.s...
compiling dekodowanie.c...
compiling konwersje.c...
compiling lancuchy.c...
compiling main.c...
linking...
Program Size: Code=3980 RO-data=80 RW-data=64 ZI-data=1184  
FromELF: creating hex file...
".\program.axf" - 0 Errors, 0 Warning(s).
Rebuild target 'Target 1'
assembling Startup.s...
compiling dekodowanie.c...
compiling konwersje.c...
compiling lancuchy.c...
compiling main.c...
linking...
Program Size: Code=3980 RO-data=80 RW-data=64 ZI-data=1184  
FromELF: creating hex file...
".\program.axf" - 0 Errors, 0 Warning(s).
Rebuild target 'Target 1'
assembling Startup.s...
compiling dekodowanie.c...
compiling konwersje.c...
compiling lancuchy.c...
compiling main.c...
main.c(240): error:  #268: declaration may not appear after executable statement in block
main.c(241): error:  #268: declaration may not appear after executable statement in block
main.c(242): error:  #268: declaration may not appear after executable statement in block
".\program.axf" - 3 Errors, 0 Warning(s).
Target not created
Rebuild target 'Target 1'
assembling Startup.s...
compiling dekodowanie.c...
compiling konwersje.c...
compiling lancuchy.c...
compiling main.c...
main.c(240): error:  #268: declaration may not appear after executable statement in block
main.c(241): error:  #268: declaration may not appear after executable statement in block
main.c(242): error:  #268: declaration may not appear after executable statement in block
".\program.axf" - 3 Errors, 0 Warning(s).
Target not created
Rebuild target 'Target 1'
assembling Startup.s...
compiling dekodowanie.c...
compiling konwersje.c...
compiling lancuchy.c...
compiling main.c...
linking...
Program Size: Code=5288 RO-data=80 RW-data=44 ZI-data=1188  
FromELF: creating hex file...
".\program.axf" - 0 Errors, 0 Warning(s).
