<html>
<body>
<pre>
<h1>µVision Build Log</h1>
<h2>Project:</h2>
C:\Users\kubag\OneDrive\Pulpit\PPSW\obowiazkowy\program.uvproj
Project File Date:  04/02/2026

<h2>Output:</h2>
Rebuild target 'Target 1'
assembling Startup.s...
compiling dekodowanie.c...
konwersje.h(11): warning:  #1-D: last line of file ends without a newline
dekodowanie.h(16): warning:  #1-D: last line of file ends without a newline
lancuchy.h(13): warning:  #1-D: last line of file ends without a newline
dekodowanie.c(114): warning:  #1-D: last line of file ends without a newline
compiling konwersje.c...
konwersje.h(11): warning:  #1-D: last line of file ends without a newline
konwersje.c(83): warning:  #1-D: last line of file ends without a newline
compiling lancuchy.c...
lancuchy.h(13): warning:  #1-D: last line of file ends without a newline
lancuchy.c(47): warning:  #1-D: last line of file ends without a newline
compiling main.c...
konwersje.h(11): warning:  #1-D: last line of file ends without a newline
dekodowanie.h(16): warning:  #1-D: last line of file ends without a newline
main.c(6): warning:  #1-D: last line of file ends without a newline
linking...
Program Size: Code=692 RO-data=16 RW-data=0 ZI-data=1256  
FromELF: creating hex file...
".\program.axf" - 0 Errors, 11 Warning(s).
Rebuild target 'Target 1'
assembling Startup.s...
compiling dekodowanie.c...
compiling konwersje.c...
compiling lancuchy.c...
compiling main.c...
linking...
Program Size: Code=692 RO-data=16 RW-data=0 ZI-data=1256  
FromELF: creating hex file...
".\program.axf" - 0 Errors, 0 Warning(s).
Rebuild target 'Target 1'
assembling Startup.s...
compiling dekodowanie.c...
compiling konwersje.c...
compiling lancuchy.c...
compiling main.c...
linking...
.\program.axf: Error: L6200E: Symbol asToken multiply defined (by main.o and dekodowanie.o).
.\program.axf: Error: L6200E: Symbol asKeywordList multiply defined (by main.o and dekodowanie.o).
.\program.axf: Error: L6200E: Symbol ucTokenNr multiply defined (by main.o and dekodowanie.o).
".\program.axf" - 3 Errors, 0 Warning(s).
Target not created
Rebuild target 'Target 1'
assembling Startup.s...
compiling dekodowanie.c...
compiling konwersje.c...
compiling lancuchy.c...
compiling main.c...
linking...
.\program.axf: Error: L6200E: Symbol asToken multiply defined (by main.o and dekodowanie.o).
.\program.axf: Error: L6200E: Symbol asKeywordList multiply defined (by main.o and dekodowanie.o).
.\program.axf: Error: L6200E: Symbol ucTokenNr multiply defined (by main.o and dekodowanie.o).
".\program.axf" - 3 Errors, 0 Warning(s).
Target not created
Rebuild target 'Target 1'
assembling Startup.s...
compiling dekodowanie.c...
compiling konwersje.c...
compiling lancuchy.c...
compiling main.c...
linking...
Program Size: Code=692 RO-data=16 RW-data=0 ZI-data=1256  
FromELF: creating hex file...
".\program.axf" - 0 Errors, 0 Warning(s).
Rebuild target 'Target 1'
assembling Startup.s...
compiling dekodowanie.c...
compiling konwersje.c...
compiling lancuchy.c...
compiling main.c...
main.c(9): error:  #65: expected a ";"
".\program.axf" - 1 Errors, 0 Warning(s).
Target not created
Rebuild target 'Target 1'
assembling Startup.s...
compiling dekodowanie.c...
compiling konwersje.c...
compiling lancuchy.c...
compiling main.c...
linking...
Program Size: Code=1892 RO-data=32 RW-data=56 ZI-data=1280  
FromELF: creating hex file...
".\program.axf" - 0 Errors, 0 Warning(s).
Rebuild target 'Target 1'
assembling Startup.s...
compiling dekodowanie.c...
dekodowanie.c(36): error:  #137: expression must be a modifiable lvalue
compiling konwersje.c...
compiling lancuchy.c...
compiling main.c...
".\program.axf" - 1 Errors, 0 Warning(s).
Target not created
Rebuild target 'Target 1'
assembling Startup.s...
compiling dekodowanie.c...
compiling konwersje.c...
compiling lancuchy.c...
compiling main.c...
linking...
Program Size: Code=1892 RO-data=32 RW-data=56 ZI-data=1280  
FromELF: creating hex file...
".\program.axf" - 0 Errors, 0 Warning(s).
Rebuild target 'Target 1'
assembling Startup.s...
compiling dekodowanie.c...
compiling konwersje.c...
compiling lancuchy.c...
compiling main.c...
linking...
Program Size: Code=1892 RO-data=32 RW-data=60 ZI-data=1284  
FromELF: creating hex file...
".\program.axf" - 0 Errors, 0 Warning(s).
Rebuild target 'Target 1'
assembling Startup.s...
compiling dekodowanie.c...
dekodowanie.c(78): warning:  #223-D: function "eStringToKeyword" declared implicitly
compiling konwersje.c...
compiling lancuchy.c...
compiling main.c...
linking...
.\program.axf: Error: L6218E: Undefined symbol eStringToKeyword (referred from dekodowanie.o).
".\program.axf" - 1 Errors, 1 Warning(s).
Target not created
Rebuild target 'Target 1'
assembling Startup.s...
compiling dekodowanie.c...
compiling konwersje.c...
compiling lancuchy.c...
compiling main.c...
linking...
Program Size: Code=1908 RO-data=32 RW-data=60 ZI-data=1284  
FromELF: creating hex file...
".\program.axf" - 0 Errors, 0 Warning(s).
